// Jest Snapshot v1, https://goo.gl/fbAQLP

exports[`A counter Displays the count and label 1`] = `
<p
  className="mb2"
>
  Word  count:
  <output
    id="count"
  >
    34
  </output>
</p>
`;
